---
source: src/cli.rs
expression: "Nix::flake_metadata(\"github:chadac/test-nixspace-nix-shared\")?"
---
FlakeMetadata {
    description: None,
    last_modified: 1703175821,
    locked: InputSpec {
        flake_type: GitHub,
        nar_hash: Some(
            "sha256-63QmnF/dH5LsQXTfhncBcsOdMe/+Uc34N1JnmvNrvAk=",
        ),
        url: None,
        owner: Some(
            "chadac",
        ),
        repo: Some(
            "test-nixspace-nix-shared",
        ),
        dir: None,
        rev: Some(
            "9fe367dbf57fe507c07dc82f80bd3a2b43696d68",
        ),
        git_ref: None,
        rev_count: None,
        last_modified: Some(
            1703175821,
        ),
    },
    locks: LockFile {
        nodes: {
            "flake-parts": LockedRef {
                flake: None,
                locked: Some(
                    InputSpec {
                        flake_type: GitHub,
                        nar_hash: Some(
                            "sha256-YcVE5emp1qQ8ieHUnxt1wCZCC3ZfAS+SRRWZ2TMda7E=",
                        ),
                        url: None,
                        owner: Some(
                            "hercules-ci",
                        ),
                        repo: Some(
                            "flake-parts",
                        ),
                        dir: None,
                        rev: Some(
                            "34fed993f1674c8d06d58b37ce1e0fe5eebcb9f5",
                        ),
                        git_ref: None,
                        rev_count: None,
                        last_modified: Some(
                            1701473968,
                        ),
                    },
                ),
                original: Some(
                    InputSpec {
                        flake_type: GitHub,
                        nar_hash: None,
                        url: None,
                        owner: Some(
                            "hercules-ci",
                        ),
                        repo: Some(
                            "flake-parts",
                        ),
                        dir: None,
                        rev: None,
                        git_ref: None,
                        rev_count: None,
                        last_modified: None,
                    },
                ),
                inputs: Some(
                    {
                        "nixpkgs-lib": Direct(
                            "nixpkgs-lib",
                        ),
                    },
                ),
            },
            "nixpkgs": LockedRef {
                flake: None,
                locked: Some(
                    InputSpec {
                        flake_type: GitHub,
                        nar_hash: Some(
                            "sha256-O7Vb0xC9s4Dmgxj8APEpuuMj7HsLgPbpy1UKvNVJp7o=",
                        ),
                        url: None,
                        owner: Some(
                            "NixOS",
                        ),
                        repo: Some(
                            "nixpkgs",
                        ),
                        dir: None,
                        rev: Some(
                            "dd8e82f3b4017b8faa52c2b1897a38d53c3c26cb",
                        ),
                        git_ref: None,
                        rev_count: None,
                        last_modified: Some(
                            1702938738,
                        ),
                    },
                ),
                original: Some(
                    InputSpec {
                        flake_type: GitHub,
                        nar_hash: None,
                        url: None,
                        owner: Some(
                            "NixOS",
                        ),
                        repo: Some(
                            "nixpkgs",
                        ),
                        dir: None,
                        rev: None,
                        git_ref: Some(
                            "nixpkgs-unstable",
                        ),
                        rev_count: None,
                        last_modified: None,
                    },
                ),
                inputs: None,
            },
            "nixpkgs-lib": LockedRef {
                flake: None,
                locked: Some(
                    InputSpec {
                        flake_type: GitHub,
                        nar_hash: Some(
                            "sha256-ztaDIyZ7HrTAfEEUt9AtTDNoCYxUdSd6NrRHaYOIxtk=",
                        ),
                        url: None,
                        owner: Some(
                            "NixOS",
                        ),
                        repo: Some(
                            "nixpkgs",
                        ),
                        dir: Some(
                            "lib",
                        ),
                        rev: Some(
                            "e92039b55bcd58469325ded85d4f58dd5a4eaf58",
                        ),
                        git_ref: None,
                        rev_count: None,
                        last_modified: Some(
                            1701253981,
                        ),
                    },
                ),
                original: Some(
                    InputSpec {
                        flake_type: GitHub,
                        nar_hash: None,
                        url: None,
                        owner: Some(
                            "NixOS",
                        ),
                        repo: Some(
                            "nixpkgs",
                        ),
                        dir: Some(
                            "lib",
                        ),
                        rev: None,
                        git_ref: Some(
                            "nixos-unstable",
                        ),
                        rev_count: None,
                        last_modified: None,
                    },
                ),
                inputs: None,
            },
            "root": LockedRef {
                flake: None,
                locked: None,
                original: None,
                inputs: Some(
                    {
                        "flake-parts": Direct(
                            "flake-parts",
                        ),
                        "nixpkgs": Direct(
                            "nixpkgs",
                        ),
                        "systems": Direct(
                            "systems",
                        ),
                    },
                ),
            },
            "systems": LockedRef {
                flake: None,
                locked: Some(
                    InputSpec {
                        flake_type: GitHub,
                        nar_hash: Some(
                            "sha256-Vy1rq5AaRuLzOxct8nz4T6wlgyUR7zLU309k9mBC768=",
                        ),
                        url: None,
                        owner: Some(
                            "nix-systems",
                        ),
                        repo: Some(
                            "default",
                        ),
                        dir: None,
                        rev: Some(
                            "da67096a3b9bf56a91d16901293e51ba5b49a27e",
                        ),
                        git_ref: None,
                        rev_count: None,
                        last_modified: Some(
                            1681028828,
                        ),
                    },
                ),
                original: Some(
                    InputSpec {
                        flake_type: GitHub,
                        nar_hash: None,
                        url: None,
                        owner: Some(
                            "nix-systems",
                        ),
                        repo: Some(
                            "default",
                        ),
                        dir: None,
                        rev: None,
                        git_ref: None,
                        rev_count: None,
                        last_modified: None,
                    },
                ),
                inputs: None,
            },
        },
        root: "root",
        version: 7,
    },
    original: InputSpec {
        flake_type: GitHub,
        nar_hash: None,
        url: None,
        owner: Some(
            "chadac",
        ),
        repo: Some(
            "test-nixspace-nix-shared",
        ),
        dir: None,
        rev: None,
        git_ref: None,
        rev_count: None,
        last_modified: None,
    },
    original_url: "github:chadac/test-nixspace-nix-shared",
    path: "/nix/store/709kcnrbx04b4n2injvidqvlynvgxkhv-source",
    resolved: InputSpec {
        flake_type: GitHub,
        nar_hash: None,
        url: None,
        owner: Some(
            "chadac",
        ),
        repo: Some(
            "test-nixspace-nix-shared",
        ),
        dir: None,
        rev: None,
        git_ref: None,
        rev_count: None,
        last_modified: None,
    },
    resolved_url: "github:chadac/test-nixspace-nix-shared",
    revision: "9fe367dbf57fe507c07dc82f80bd3a2b43696d68",
    url: "github:chadac/test-nixspace-nix-shared/9fe367dbf57fe507c07dc82f80bd3a2b43696d68",
}
